// Jest Snapshot v1, https://goo.gl/fbAQLP

exports[`Testing Actions should be stable 1`] = `
initialize {
  "0": Object {
    "attribs": Object {
      "aria-hidden": "true",
      "class": "gio-upload__actions gio-upload__actions--center",
    },
    "children": Array [
      Object {
        "attribs": Object {
          "class": "gio-upload__actions-container",
        },
        "children": Array [
          Object {
            "attribs": Object {
              "class": "gio-icon gio-upload__actions-icon gio-upload__actions-icon-delete",
            },
            "children": Array [
              Object {
                "attribs": Object {
                  "class": "gio-icon-svg",
                  "fill": "currentColor",
                  "height": "16px",
                  "viewBox": "0 0 14 14",
                  "width": "16px",
                  "xmlns": "http://www.w3.org/2000/svg",
                },
                "children": Array [
                  Object {
                    "attribs": Object {},
                    "children": Array [
                      Object {
                        "attribs": Object {},
                        "children": Array [],
                        "name": "style",
                        "namespace": "http://www.w3.org/2000/svg",
                        "next": null,
                        "parent": [Circular],
                        "prev": null,
                        "type": "style",
                        "x-attribsNamespace": Object {},
                        "x-attribsPrefix": Object {},
                      },
                    ],
                    "name": "defs",
                    "namespace": "http://www.w3.org/2000/svg",
                    "next": Object {
                      "attribs": Object {},
                      "children": Array [
                        Object {
                          "attribs": Object {},
                          "children": Array [
                            Object {
                              "attribs": Object {
                                "d": "M9 1.2a.2.2 0 00-.2-.2H5.2a.2.2 0 00-.2.2v.6a.2.2 0 00.2.2h3.6a.2.2 0 00.2-.2zm1 9.3a.5.5 0 01-1 0v-5a.5.5 0 011 0zm-5 0a.5.5 0 01-.85.35.47.47 0 01-.15-.35v-5a.5.5 0 01.85-.35.47.47 0 01.15.35zm2.5 0a.5.5 0 01-1 0v-5a.5.5 0 011 0zm4-7A.5.5 0 0011 3H3a.5.5 0 00-.5.5v9a.5.5 0 00.5.5h8a.5.5 0 00.5-.5zm-1.5-2a.47.47 0 00.15.35.47.47 0 00.35.15H13a.5.5 0 010 1h-.34a.17.17 0 00-.16.16V13a1 1 0 01-1 1h-9a1 1 0 01-1-1V3.16A.17.17 0 001.34 3H1a.5.5 0 010-1h2.5a.47.47 0 00.35-.15A.47.47 0 004 1.5V1a1 1 0 01.29-.71A1 1 0 015 0h4a1 1 0 01.71.29A1 1 0 0110 1z",
                                "fill": "currentColor",
                                "fill-rule": "evenodd",
                                "id": "delete-outlined_svg__delete",
                              },
                              "children": Array [],
                              "name": "path",
                              "namespace": "http://www.w3.org/2000/svg",
                              "next": null,
                              "parent": [Circular],
                              "prev": null,
                              "type": "tag",
                              "x-attribsNamespace": Object {
                                "d": undefined,
                                "fill": undefined,
                                "fill-rule": undefined,
                                "id": undefined,
                              },
                              "x-attribsPrefix": Object {
                                "d": undefined,
                                "fill": undefined,
                                "fill-rule": undefined,
                                "id": undefined,
                              },
                            },
                          ],
                          "name": "g",
                          "namespace": "http://www.w3.org/2000/svg",
                          "next": null,
                          "parent": [Circular],
                          "prev": null,
                          "type": "tag",
                          "x-attribsNamespace": Object {},
                          "x-attribsPrefix": Object {},
                        },
                      ],
                      "name": "g",
                      "namespace": "http://www.w3.org/2000/svg",
                      "next": null,
                      "parent": [Circular],
                      "prev": [Circular],
                      "type": "tag",
                      "x-attribsNamespace": Object {},
                      "x-attribsPrefix": Object {},
                    },
                    "parent": [Circular],
                    "prev": null,
                    "type": "tag",
                    "x-attribsNamespace": Object {},
                    "x-attribsPrefix": Object {},
                  },
                  Object {
                    "attribs": Object {},
                    "children": Array [
                      Object {
                        "attribs": Object {},
                        "children": Array [
                          Object {
                            "attribs": Object {
                              "d": "M9 1.2a.2.2 0 00-.2-.2H5.2a.2.2 0 00-.2.2v.6a.2.2 0 00.2.2h3.6a.2.2 0 00.2-.2zm1 9.3a.5.5 0 01-1 0v-5a.5.5 0 011 0zm-5 0a.5.5 0 01-.85.35.47.47 0 01-.15-.35v-5a.5.5 0 01.85-.35.47.47 0 01.15.35zm2.5 0a.5.5 0 01-1 0v-5a.5.5 0 011 0zm4-7A.5.5 0 0011 3H3a.5.5 0 00-.5.5v9a.5.5 0 00.5.5h8a.5.5 0 00.5-.5zm-1.5-2a.47.47 0 00.15.35.47.47 0 00.35.15H13a.5.5 0 010 1h-.34a.17.17 0 00-.16.16V13a1 1 0 01-1 1h-9a1 1 0 01-1-1V3.16A.17.17 0 001.34 3H1a.5.5 0 010-1h2.5a.47.47 0 00.35-.15A.47.47 0 004 1.5V1a1 1 0 01.29-.71A1 1 0 015 0h4a1 1 0 01.71.29A1 1 0 0110 1z",
                              "fill": "currentColor",
                              "fill-rule": "evenodd",
                              "id": "delete-outlined_svg__delete",
                            },
                            "children": Array [],
                            "name": "path",
                            "namespace": "http://www.w3.org/2000/svg",
                            "next": null,
                            "parent": [Circular],
                            "prev": null,
                            "type": "tag",
                            "x-attribsNamespace": Object {
                              "d": undefined,
                              "fill": undefined,
                              "fill-rule": undefined,
                              "id": undefined,
                            },
                            "x-attribsPrefix": Object {
                              "d": undefined,
                              "fill": undefined,
                              "fill-rule": undefined,
                              "id": undefined,
                            },
                          },
                        ],
                        "name": "g",
                        "namespace": "http://www.w3.org/2000/svg",
                        "next": null,
                        "parent": [Circular],
                        "prev": null,
                        "type": "tag",
                        "x-attribsNamespace": Object {},
                        "x-attribsPrefix": Object {},
                      },
                    ],
                    "name": "g",
                    "namespace": "http://www.w3.org/2000/svg",
                    "next": null,
                    "parent": [Circular],
                    "prev": Object {
                      "attribs": Object {},
                      "children": Array [
                        Object {
                          "attribs": Object {},
                          "children": Array [],
                          "name": "style",
                          "namespace": "http://www.w3.org/2000/svg",
                          "next": null,
                          "parent": [Circular],
                          "prev": null,
                          "type": "style",
                          "x-attribsNamespace": Object {},
                          "x-attribsPrefix": Object {},
                        },
                      ],
                      "name": "defs",
                      "namespace": "http://www.w3.org/2000/svg",
                      "next": [Circular],
                      "parent": [Circular],
                      "prev": null,
                      "type": "tag",
                      "x-attribsNamespace": Object {},
                      "x-attribsPrefix": Object {},
                    },
                    "type": "tag",
                    "x-attribsNamespace": Object {},
                    "x-attribsPrefix": Object {},
                  },
                ],
                "name": "svg",
                "namespace": "http://www.w3.org/2000/svg",
                "next": null,
                "parent": [Circular],
                "prev": null,
                "type": "tag",
                "x-attribsNamespace": Object {
                  "class": undefined,
                  "fill": undefined,
                  "height": undefined,
                  "viewBox": undefined,
                  "width": undefined,
                  "xmlns": "http://www.w3.org/2000/xmlns/",
                },
                "x-attribsPrefix": Object {
                  "class": undefined,
                  "fill": undefined,
                  "height": undefined,
                  "viewBox": undefined,
                  "width": undefined,
                  "xmlns": "",
                },
              },
            ],
            "name": "span",
            "namespace": "http://www.w3.org/1999/xhtml",
            "next": null,
            "parent": [Circular],
            "prev": null,
            "type": "tag",
            "x-attribsNamespace": Object {
              "class": undefined,
            },
            "x-attribsPrefix": Object {
              "class": undefined,
            },
          },
        ],
        "name": "span",
        "namespace": "http://www.w3.org/1999/xhtml",
        "next": null,
        "parent": [Circular],
        "prev": null,
        "type": "tag",
        "x-attribsNamespace": Object {
          "class": undefined,
        },
        "x-attribsPrefix": Object {
          "class": undefined,
        },
      },
    ],
    "name": "span",
    "namespace": "http://www.w3.org/1999/xhtml",
    "next": null,
    "parent": null,
    "prev": null,
    "root": Object {
      "attribs": Object {},
      "children": Array [
        [Circular],
      ],
      "name": "root",
      "namespace": "http://www.w3.org/1999/xhtml",
      "next": null,
      "parent": null,
      "prev": null,
      "type": "root",
      "x-attribsNamespace": Object {},
      "x-attribsPrefix": Object {},
    },
    "type": "tag",
    "x-attribsNamespace": Object {
      "aria-hidden": undefined,
      "class": undefined,
    },
    "x-attribsPrefix": Object {
      "aria-hidden": undefined,
      "class": undefined,
    },
  },
  "_root": [Circular],
  "length": 1,
  "options": Object {
    "decodeEntities": true,
    "normalizeWhitespace": false,
    "withDomLvl1": true,
    "xml": false,
  },
}
`;
