// Jest Snapshot v1, https://goo.gl/fbAQLP

exports[`testing InputButton custom style and maxWidth 1`] = `
<div>
  <span
    class="gio-input-btn__input gio-input-btn gio-input__hover gio-input"
    style="color: red; max-width: 200px;"
  >
    <input
      data-testid="input-button"
      title="111"
      type="button"
      value="111"
    />
    <div
      class="gio-input__suffix"
    >
      <span
        aria-label="error-filled"
        class="gio-icon"
        role="img"
      >
        <svg
          fill="currentColor"
          focusable="false"
          height="1em"
          viewBox="0 0 14 14"
          width="1em"
        >
          <path
            clip-rule="evenodd"
            d="M7 0c3.863 0 7 3.137 7 7s-3.137 7-7 7-7-3.137-7-7 3.137-7 7-7ZM4.172 4.17a.499.499 0 0 1 .706 0l1.98 1.982a.2.2 0 0 0 .283 0L9.122 4.17a.499.499 0 1 1 .707.707l-1.98 1.98a.2.2 0 0 0 0 .283l1.98 1.981a.499.499 0 1 1-.707.707l-1.98-1.98a.2.2 0 0 0-.283 0l-1.981 1.98a.499.499 0 1 1-.707-.707l1.98-1.98a.2.2 0 0 0 0-.283l-1.98-1.981a.499.499 0 0 1 .001-.707Z"
            fill="currentColor"
            fill-rule="evenodd"
          />
        </svg>
      </span>
    </div>
  </span>
</div>
`;
