// Jest Snapshot v1, https://goo.gl/fbAQLP

exports[`Testing Table should be stable 1`] = `
<DocumentFragment>
  <div
    class="gio-table-wrapper gio-table-showHover"
  >
    <div
      class="gio-loading-wrapper-loading"
    >
      <div
        class="gio-loading-container gio-loading-container-blur-white"
      >
        <div
          class="gio-table gio-table-layout-fixed"
        >
          <div
            class="gio-table-title"
          >
            列表标题
          </div>
          <div
            class="gio-table-container"
          >
            <div
              class="gio-table-content"
            >
              <table
                style="table-layout: fixed;"
              >
                <colgroup />
                <thead
                  class="gio-table-thead"
                >
                  <tr>
                    <th
                      class="gio-table-cell"
                    >
                      <div
                        class="gio-table-column-title"
                      >
                        姓名
                        <span
                          class="gio-table-column-title-info"
                        >
                          <span
                            aria-label="question-circle-outlined"
                            class="gio-icon"
                            role="img"
                          >
                            <svg
                              fill="currentColor"
                              height="16px"
                              viewBox="0 0 14 14"
                              width="16px"
                              xmlns="http://www.w3.org/2000/svg"
                            >
                              <defs>
                                <style />
                              </defs>
                              <g>
                                <g>
                                  <path
                                    d="M7 13a6 6 0 114.24-1.76A6 6 0 017 13zM7 0a7 7 0 105 2.05A7 7 0 007 0zm.12 3a2.54 2.54 0 00-1.91.7 2.54 2.54 0 00-.69 1.69.24.24 0 00.05.14.2.2 0 00.15.06h.75a.21.21 0 00.2-.19A1.78 1.78 0 016 4.47 1.22 1.22 0 017 4a1.26 1.26 0 011 .33 1.25 1.25 0 01.32.9A1.27 1.27 0 018 6l-.19.21a5.43 5.43 0 00-1.26 1.4 2.15 2.15 0 00-.22 1 .21.21 0 00.19.19h.84a.15.15 0 00.15-.15 1.55 1.55 0 01.18-.73 1.81 1.81 0 01.46-.57 12.48 12.48 0 00.92-.86 2.1 2.1 0 00.42-1.34 2 2 0 00-.66-1.57A2.49 2.49 0 007.12 3zm-.2 6.43a.76.76 0 00-.57.22.73.73 0 00-.23.56.79.79 0 00.23.56.81.81 0 00.57.23.85.85 0 00.57-.22.78.78 0 00.24-.57.73.73 0 00-.23-.56.78.78 0 00-.58-.22z"
                                    fill="currentColor"
                                    id="question-circle-outlined_svg__question-circle"
                                  />
                                </g>
                              </g>
                            </svg>
                          </span>
                        </span>
                        <span
                          class="gio-table-column-sorter"
                        >
                          <span
                            class="gio-table-column-sorter-inner"
                          >
                            <button
                              class="gio-table-btn gio-table-column-sorter-inner-btn gio-table-btn-text gio-table-btn-icon-only"
                              type="button"
                            >
                              <span
                                aria-label="up-filled"
                                class="gio-icon gio-table-column-sorter-up"
                                role="img"
                              >
                                <svg
                                  fill="currentColor"
                                  height="16px"
                                  viewBox="0 0 14 14"
                                  width="16px"
                                  xmlns="http://www.w3.org/2000/svg"
                                >
                                  <defs>
                                    <style />
                                  </defs>
                                  <g>
                                    <g>
                                      <path
                                        d="M6.61 4.49a.5.5 0 01.78 0l3 3.7a.51.51 0 01.06.53A.5.5 0 0110 9H4a.5.5 0 01-.45-.28.51.51 0 01.06-.53z"
                                        fill="currentColor"
                                        fill-rule="evenodd"
                                        id="up-filled_svg__up-2"
                                      />
                                    </g>
                                  </g>
                                </svg>
                              </span>
                              <span
                                aria-label="down-filled"
                                class="gio-icon gio-table-column-sorter-down"
                                role="img"
                              >
                                <svg
                                  fill="currentColor"
                                  height="16px"
                                  viewBox="0 0 14 14"
                                  width="16px"
                                  xmlns="http://www.w3.org/2000/svg"
                                >
                                  <defs>
                                    <style />
                                  </defs>
                                  <g>
                                    <g>
                                      <path
                                        d="M7.39 9.51a.5.5 0 01-.78 0l-3-3.7a.51.51 0 01-.06-.53A.5.5 0 014 5h6a.5.5 0 01.45.28.51.51 0 01-.06.53z"
                                        fill="currentColor"
                                        fill-rule="evenodd"
                                        id="down-filled_svg__down-2"
                                      />
                                    </g>
                                  </g>
                                </svg>
                              </span>
                            </button>
                          </span>
                        </span>
                        <span
                          class="gio-table-column-filter"
                        >
                          <span
                            class="gio-table-column-filter-inner"
                          >
                            <button
                              class="gio-btn gio-table-column-filter-inner-btn gio-btn-assist gio-btn-mini gio-btn-icon-only"
                              style="cursor: pointer;"
                              type="button"
                            >
                              <span
                                aria-label="filter-outlined"
                                class="gio-icon gio-table-column-filter-icon"
                                role="img"
                              >
                                <svg
                                  fill="currentColor"
                                  height="12px"
                                  viewBox="0 0 14 14"
                                  width="12px"
                                  xmlns="http://www.w3.org/2000/svg"
                                >
                                  <defs>
                                    <style />
                                  </defs>
                                  <g>
                                    <g>
                                      <path
                                        d="M6 6.46L5.56 6zM7.5 13a.51.51 0 00.5-.5V6.86a1 1 0 01.28-.69l4.16-4.32a.55.55 0 00.1-.55.51.51 0 00-.46-.3H1.92a.51.51 0 00-.46.3.53.53 0 00.1.55l4 4.15.16.17a1 1 0 01.28.69v5.64a.51.51 0 00.5.5zM9 13a1 1 0 01-1 1H6a1 1 0 01-1-1V7.28a1 1 0 00-.27-.69L.89 2.53A1.5 1.5 0 012 0h10a1.5 1.5 0 011.09 2.53L9.27 6.59a1 1 0 00-.27.69z"
                                        fill="currentColor"
                                        fill-rule="evenodd"
                                        id="filter-outlined_svg__filter"
                                      />
                                    </g>
                                  </g>
                                </svg>
                              </span>
                            </button>
                          </span>
                        </span>
                      </div>
                    </th>
                    <th
                      class="gio-table-cell"
                    >
                      <div
                        class="gio-table-column-title"
                      >
                        年龄
                        <span
                          class="gio-table-column-title-info"
                        >
                          <span
                            aria-label="question-circle-outlined"
                            class="gio-icon"
                            role="img"
                          >
                            <svg
                              fill="currentColor"
                              height="16px"
                              viewBox="0 0 14 14"
                              width="16px"
                              xmlns="http://www.w3.org/2000/svg"
                            >
                              <defs>
                                <style />
                              </defs>
                              <g>
                                <g>
                                  <path
                                    d="M7 13a6 6 0 114.24-1.76A6 6 0 017 13zM7 0a7 7 0 105 2.05A7 7 0 007 0zm.12 3a2.54 2.54 0 00-1.91.7 2.54 2.54 0 00-.69 1.69.24.24 0 00.05.14.2.2 0 00.15.06h.75a.21.21 0 00.2-.19A1.78 1.78 0 016 4.47 1.22 1.22 0 017 4a1.26 1.26 0 011 .33 1.25 1.25 0 01.32.9A1.27 1.27 0 018 6l-.19.21a5.43 5.43 0 00-1.26 1.4 2.15 2.15 0 00-.22 1 .21.21 0 00.19.19h.84a.15.15 0 00.15-.15 1.55 1.55 0 01.18-.73 1.81 1.81 0 01.46-.57 12.48 12.48 0 00.92-.86 2.1 2.1 0 00.42-1.34 2 2 0 00-.66-1.57A2.49 2.49 0 007.12 3zm-.2 6.43a.76.76 0 00-.57.22.73.73 0 00-.23.56.79.79 0 00.23.56.81.81 0 00.57.23.85.85 0 00.57-.22.78.78 0 00.24-.57.73.73 0 00-.23-.56.78.78 0 00-.58-.22z"
                                    fill="currentColor"
                                    id="question-circle-outlined_svg__question-circle"
                                  />
                                </g>
                              </g>
                            </svg>
                          </span>
                        </span>
                        <span
                          class="gio-table-column-sorter"
                        >
                          <span
                            class="gio-table-column-sorter-inner"
                          >
                            <button
                              class="gio-table-btn gio-table-column-sorter-inner-btn gio-table-btn-text gio-table-btn-icon-only"
                              type="button"
                            >
                              <span
                                aria-label="up-filled"
                                class="gio-icon gio-table-column-sorter-up"
                                role="img"
                              >
                                <svg
                                  fill="currentColor"
                                  height="16px"
                                  viewBox="0 0 14 14"
                                  width="16px"
                                  xmlns="http://www.w3.org/2000/svg"
                                >
                                  <defs>
                                    <style />
                                  </defs>
                                  <g>
                                    <g>
                                      <path
                                        d="M6.61 4.49a.5.5 0 01.78 0l3 3.7a.51.51 0 01.06.53A.5.5 0 0110 9H4a.5.5 0 01-.45-.28.51.51 0 01.06-.53z"
                                        fill="currentColor"
                                        fill-rule="evenodd"
                                        id="up-filled_svg__up-2"
                                      />
                                    </g>
                                  </g>
                                </svg>
                              </span>
                              <span
                                aria-label="down-filled"
                                class="gio-icon gio-table-column-sorter-down"
                                role="img"
                              >
                                <svg
                                  fill="currentColor"
                                  height="16px"
                                  viewBox="0 0 14 14"
                                  width="16px"
                                  xmlns="http://www.w3.org/2000/svg"
                                >
                                  <defs>
                                    <style />
                                  </defs>
                                  <g>
                                    <g>
                                      <path
                                        d="M7.39 9.51a.5.5 0 01-.78 0l-3-3.7a.51.51 0 01-.06-.53A.5.5 0 014 5h6a.5.5 0 01.45.28.51.51 0 01-.06.53z"
                                        fill="currentColor"
                                        fill-rule="evenodd"
                                        id="down-filled_svg__down-2"
                                      />
                                    </g>
                                  </g>
                                </svg>
                              </span>
                            </button>
                          </span>
                        </span>
                        <span
                          class="gio-table-column-filter"
                        >
                          <span
                            class="gio-table-column-filter-inner"
                          >
                            <button
                              class="gio-btn gio-table-column-filter-inner-btn gio-btn-assist gio-btn-mini gio-btn-icon-only"
                              style="cursor: pointer;"
                              type="button"
                            >
                              <span
                                aria-label="filter-outlined"
                                class="gio-icon gio-table-column-filter-icon"
                                role="img"
                              >
                                <svg
                                  fill="currentColor"
                                  height="12px"
                                  viewBox="0 0 14 14"
                                  width="12px"
                                  xmlns="http://www.w3.org/2000/svg"
                                >
                                  <defs>
                                    <style />
                                  </defs>
                                  <g>
                                    <g>
                                      <path
                                        d="M6 6.46L5.56 6zM7.5 13a.51.51 0 00.5-.5V6.86a1 1 0 01.28-.69l4.16-4.32a.55.55 0 00.1-.55.51.51 0 00-.46-.3H1.92a.51.51 0 00-.46.3.53.53 0 00.1.55l4 4.15.16.17a1 1 0 01.28.69v5.64a.51.51 0 00.5.5zM9 13a1 1 0 01-1 1H6a1 1 0 01-1-1V7.28a1 1 0 00-.27-.69L.89 2.53A1.5 1.5 0 012 0h10a1.5 1.5 0 011.09 2.53L9.27 6.59a1 1 0 00-.27.69z"
                                        fill="currentColor"
                                        fill-rule="evenodd"
                                        id="filter-outlined_svg__filter"
                                      />
                                    </g>
                                  </g>
                                </svg>
                              </span>
                            </button>
                          </span>
                        </span>
                      </div>
                    </th>
                    <th
                      class="gio-table-cell"
                    >
                      <div
                        class="gio-table-column-title"
                      >
                        体重
                        <span
                          class="gio-table-column-title-info"
                        >
                          <span
                            aria-label="question-circle-outlined"
                            class="gio-icon"
                            role="img"
                          >
                            <svg
                              fill="currentColor"
                              height="16px"
                              viewBox="0 0 14 14"
                              width="16px"
                              xmlns="http://www.w3.org/2000/svg"
                            >
                              <defs>
                                <style />
                              </defs>
                              <g>
                                <g>
                                  <path
                                    d="M7 13a6 6 0 114.24-1.76A6 6 0 017 13zM7 0a7 7 0 105 2.05A7 7 0 007 0zm.12 3a2.54 2.54 0 00-1.91.7 2.54 2.54 0 00-.69 1.69.24.24 0 00.05.14.2.2 0 00.15.06h.75a.21.21 0 00.2-.19A1.78 1.78 0 016 4.47 1.22 1.22 0 017 4a1.26 1.26 0 011 .33 1.25 1.25 0 01.32.9A1.27 1.27 0 018 6l-.19.21a5.43 5.43 0 00-1.26 1.4 2.15 2.15 0 00-.22 1 .21.21 0 00.19.19h.84a.15.15 0 00.15-.15 1.55 1.55 0 01.18-.73 1.81 1.81 0 01.46-.57 12.48 12.48 0 00.92-.86 2.1 2.1 0 00.42-1.34 2 2 0 00-.66-1.57A2.49 2.49 0 007.12 3zm-.2 6.43a.76.76 0 00-.57.22.73.73 0 00-.23.56.79.79 0 00.23.56.81.81 0 00.57.23.85.85 0 00.57-.22.78.78 0 00.24-.57.73.73 0 00-.23-.56.78.78 0 00-.58-.22z"
                                    fill="currentColor"
                                    id="question-circle-outlined_svg__question-circle"
                                  />
                                </g>
                              </g>
                            </svg>
                          </span>
                        </span>
                        <span
                          class="gio-table-column-sorter"
                        >
                          <span
                            class="gio-table-column-sorter-inner"
                          >
                            <button
                              class="gio-table-btn gio-table-column-sorter-inner-btn gio-table-btn-text gio-table-btn-icon-only"
                              type="button"
                            >
                              <span
                                aria-label="up-filled"
                                class="gio-icon gio-table-column-sorter-up"
                                role="img"
                              >
                                <svg
                                  fill="currentColor"
                                  height="16px"
                                  viewBox="0 0 14 14"
                                  width="16px"
                                  xmlns="http://www.w3.org/2000/svg"
                                >
                                  <defs>
                                    <style />
                                  </defs>
                                  <g>
                                    <g>
                                      <path
                                        d="M6.61 4.49a.5.5 0 01.78 0l3 3.7a.51.51 0 01.06.53A.5.5 0 0110 9H4a.5.5 0 01-.45-.28.51.51 0 01.06-.53z"
                                        fill="currentColor"
                                        fill-rule="evenodd"
                                        id="up-filled_svg__up-2"
                                      />
                                    </g>
                                  </g>
                                </svg>
                              </span>
                              <span
                                aria-label="down-filled"
                                class="gio-icon gio-table-column-sorter-down"
                                role="img"
                              >
                                <svg
                                  fill="currentColor"
                                  height="16px"
                                  viewBox="0 0 14 14"
                                  width="16px"
                                  xmlns="http://www.w3.org/2000/svg"
                                >
                                  <defs>
                                    <style />
                                  </defs>
                                  <g>
                                    <g>
                                      <path
                                        d="M7.39 9.51a.5.5 0 01-.78 0l-3-3.7a.51.51 0 01-.06-.53A.5.5 0 014 5h6a.5.5 0 01.45.28.51.51 0 01-.06.53z"
                                        fill="currentColor"
                                        fill-rule="evenodd"
                                        id="down-filled_svg__down-2"
                                      />
                                    </g>
                                  </g>
                                </svg>
                              </span>
                            </button>
                          </span>
                        </span>
                        <span
                          class="gio-table-column-filter"
                        >
                          <span
                            class="gio-table-column-filter-inner"
                          >
                            <button
                              class="gio-btn gio-table-column-filter-inner-btn gio-btn-assist gio-btn-mini gio-btn-icon-only"
                              style="cursor: pointer;"
                              type="button"
                            >
                              <span
                                aria-label="filter-outlined"
                                class="gio-icon gio-table-column-filter-icon"
                                role="img"
                              >
                                <svg
                                  fill="currentColor"
                                  height="12px"
                                  viewBox="0 0 14 14"
                                  width="12px"
                                  xmlns="http://www.w3.org/2000/svg"
                                >
                                  <defs>
                                    <style />
                                  </defs>
                                  <g>
                                    <g>
                                      <path
                                        d="M6 6.46L5.56 6zM7.5 13a.51.51 0 00.5-.5V6.86a1 1 0 01.28-.69l4.16-4.32a.55.55 0 00.1-.55.51.51 0 00-.46-.3H1.92a.51.51 0 00-.46.3.53.53 0 00.1.55l4 4.15.16.17a1 1 0 01.28.69v5.64a.51.51 0 00.5.5zM9 13a1 1 0 01-1 1H6a1 1 0 01-1-1V7.28a1 1 0 00-.27-.69L.89 2.53A1.5 1.5 0 012 0h10a1.5 1.5 0 011.09 2.53L9.27 6.59a1 1 0 00-.27.69z"
                                        fill="currentColor"
                                        fill-rule="evenodd"
                                        id="filter-outlined_svg__filter"
                                      />
                                    </g>
                                  </g>
                                </svg>
                              </span>
                            </button>
                          </span>
                        </span>
                      </div>
                    </th>
                  </tr>
                </thead>
                <tbody
                  class="gio-table-tbody"
                >
                  <tr
                    class="gio-table-row gio-table-row-level-0"
                    data-row-key="1"
                  >
                    <td
                      class="gio-table-cell"
                    >
                      胡彦斌
                    </td>
                    <td
                      class="gio-table-cell"
                    >
                      32
                    </td>
                    <td
                      class="gio-table-cell"
                    >
                      70
                    </td>
                  </tr>
                  <tr
                    class="gio-table-row gio-table-row-level-0"
                    data-row-key="2"
                  >
                    <td
                      class="gio-table-cell"
                    >
                      胡彦祖
                    </td>
                    <td
                      class="gio-table-cell"
                    >
                      42
                    </td>
                    <td
                      class="gio-table-cell"
                    >
                      60
                    </td>
                  </tr>
                  <tr
                    class="gio-table-row gio-table-row-level-0"
                    data-row-key="3"
                  >
                    <td
                      class="gio-table-cell"
                    >
                      航航
                    </td>
                    <td
                      class="gio-table-cell"
                    >
                      18
                    </td>
                    <td
                      class="gio-table-cell"
                    >
                      70
                    </td>
                  </tr>
                  <tr
                    class="gio-table-row gio-table-row-level-0"
                    data-row-key="4"
                  >
                    <td
                      class="gio-table-cell"
                    >
                      屁屁
                    </td>
                    <td
                      class="gio-table-cell"
                    >
                      22
                    </td>
                    <td
                      class="gio-table-cell"
                    >
                      60
                    </td>
                  </tr>
                </tbody>
              </table>
            </div>
          </div>
        </div>
      </div>
    </div>
  </div>
</DocumentFragment>
`;
