// Jest Snapshot v1, https://goo.gl/fbAQLP

exports[`SearchBar should support size 1`] = `
initialize {
  "0": Object {
    "attribs": Object {
      "class": "gio-searchbar",
    },
    "children": Array [
      Object {
        "attribs": Object {
          "class": "gio-input gio-input-container",
        },
        "children": Array [
          Object {
            "attribs": Object {
              "class": "gio-input-content gio-input-content-large gio-input-content-suffix",
              "placeholder": "",
              "type": "text",
              "value": "",
            },
            "children": Array [],
            "name": "input",
            "namespace": "http://www.w3.org/1999/xhtml",
            "next": Object {
              "attribs": Object {
                "class": "gio-input-container-suffix",
              },
              "children": Array [
                Object {
                  "attribs": Object {
                    "class": "gio-icon gio-searchbar-suffix-search-large",
                  },
                  "children": Array [
                    Object {
                      "attribs": Object {
                        "class": "gio-icon-svg",
                        "fill": "currentColor",
                        "height": "1rem",
                        "viewBox": "0 0 14.01 14",
                        "width": "1rem",
                        "xmlns": "http://www.w3.org/2000/svg",
                      },
                      "children": Array [
                        Object {
                          "attribs": Object {},
                          "children": Array [
                            Object {
                              "attribs": Object {},
                              "children": Array [],
                              "name": "style",
                              "namespace": "http://www.w3.org/2000/svg",
                              "next": null,
                              "parent": [Circular],
                              "prev": null,
                              "type": "style",
                              "x-attribsNamespace": Object {},
                              "x-attribsPrefix": Object {},
                            },
                          ],
                          "name": "defs",
                          "namespace": "http://www.w3.org/2000/svg",
                          "next": Object {
                            "attribs": Object {
                              "data-name": "\\\\u56FE\\\\u5C42 2",
                              "id": "search-outlined_svg__\\\\u56FE\\\\u5C42_2",
                            },
                            "children": Array [
                              Object {
                                "attribs": Object {
                                  "data-name": "\\\\u56FE\\\\u5C42 1",
                                  "id": "search-outlined_svg__\\\\u56FE\\\\u5C42_1-2",
                                },
                                "children": Array [
                                  Object {
                                    "attribs": Object {
                                      "d": "M6 1a5 5 0 11-5 5 5 5 0 015-5zm4.48 10.19a1 1 0 00-1.28-.13A5.83 5.83 0 016 12a6 6 0 115.07-2.79 1 1 0 00.13 1.26c.93 1 2.65 2.68 2.65 2.68a.49.49 0 01-.7.7z",
                                      "fill": "currentColor",
                                      "fill-rule": "evenodd",
                                      "id": "search-outlined_svg__search",
                                    },
                                    "children": Array [],
                                    "name": "path",
                                    "namespace": "http://www.w3.org/2000/svg",
                                    "next": null,
                                    "parent": [Circular],
                                    "prev": null,
                                    "type": "tag",
                                    "x-attribsNamespace": Object {
                                      "d": undefined,
                                      "fill": undefined,
                                      "fill-rule": undefined,
                                      "id": undefined,
                                    },
                                    "x-attribsPrefix": Object {
                                      "d": undefined,
                                      "fill": undefined,
                                      "fill-rule": undefined,
                                      "id": undefined,
                                    },
                                  },
                                ],
                                "name": "g",
                                "namespace": "http://www.w3.org/2000/svg",
                                "next": null,
                                "parent": [Circular],
                                "prev": null,
                                "type": "tag",
                                "x-attribsNamespace": Object {
                                  "data-name": undefined,
                                  "id": undefined,
                                },
                                "x-attribsPrefix": Object {
                                  "data-name": undefined,
                                  "id": undefined,
                                },
                              },
                            ],
                            "name": "g",
                            "namespace": "http://www.w3.org/2000/svg",
                            "next": null,
                            "parent": [Circular],
                            "prev": [Circular],
                            "type": "tag",
                            "x-attribsNamespace": Object {
                              "data-name": undefined,
                              "id": undefined,
                            },
                            "x-attribsPrefix": Object {
                              "data-name": undefined,
                              "id": undefined,
                            },
                          },
                          "parent": [Circular],
                          "prev": null,
                          "type": "tag",
                          "x-attribsNamespace": Object {},
                          "x-attribsPrefix": Object {},
                        },
                        Object {
                          "attribs": Object {
                            "data-name": "\\\\u56FE\\\\u5C42 2",
                            "id": "search-outlined_svg__\\\\u56FE\\\\u5C42_2",
                          },
                          "children": Array [
                            Object {
                              "attribs": Object {
                                "data-name": "\\\\u56FE\\\\u5C42 1",
                                "id": "search-outlined_svg__\\\\u56FE\\\\u5C42_1-2",
                              },
                              "children": Array [
                                Object {
                                  "attribs": Object {
                                    "d": "M6 1a5 5 0 11-5 5 5 5 0 015-5zm4.48 10.19a1 1 0 00-1.28-.13A5.83 5.83 0 016 12a6 6 0 115.07-2.79 1 1 0 00.13 1.26c.93 1 2.65 2.68 2.65 2.68a.49.49 0 01-.7.7z",
                                    "fill": "currentColor",
                                    "fill-rule": "evenodd",
                                    "id": "search-outlined_svg__search",
                                  },
                                  "children": Array [],
                                  "name": "path",
                                  "namespace": "http://www.w3.org/2000/svg",
                                  "next": null,
                                  "parent": [Circular],
                                  "prev": null,
                                  "type": "tag",
                                  "x-attribsNamespace": Object {
                                    "d": undefined,
                                    "fill": undefined,
                                    "fill-rule": undefined,
                                    "id": undefined,
                                  },
                                  "x-attribsPrefix": Object {
                                    "d": undefined,
                                    "fill": undefined,
                                    "fill-rule": undefined,
                                    "id": undefined,
                                  },
                                },
                              ],
                              "name": "g",
                              "namespace": "http://www.w3.org/2000/svg",
                              "next": null,
                              "parent": [Circular],
                              "prev": null,
                              "type": "tag",
                              "x-attribsNamespace": Object {
                                "data-name": undefined,
                                "id": undefined,
                              },
                              "x-attribsPrefix": Object {
                                "data-name": undefined,
                                "id": undefined,
                              },
                            },
                          ],
                          "name": "g",
                          "namespace": "http://www.w3.org/2000/svg",
                          "next": null,
                          "parent": [Circular],
                          "prev": Object {
                            "attribs": Object {},
                            "children": Array [
                              Object {
                                "attribs": Object {},
                                "children": Array [],
                                "name": "style",
                                "namespace": "http://www.w3.org/2000/svg",
                                "next": null,
                                "parent": [Circular],
                                "prev": null,
                                "type": "style",
                                "x-attribsNamespace": Object {},
                                "x-attribsPrefix": Object {},
                              },
                            ],
                            "name": "defs",
                            "namespace": "http://www.w3.org/2000/svg",
                            "next": [Circular],
                            "parent": [Circular],
                            "prev": null,
                            "type": "tag",
                            "x-attribsNamespace": Object {},
                            "x-attribsPrefix": Object {},
                          },
                          "type": "tag",
                          "x-attribsNamespace": Object {
                            "data-name": undefined,
                            "id": undefined,
                          },
                          "x-attribsPrefix": Object {
                            "data-name": undefined,
                            "id": undefined,
                          },
                        },
                      ],
                      "name": "svg",
                      "namespace": "http://www.w3.org/2000/svg",
                      "next": null,
                      "parent": [Circular],
                      "prev": null,
                      "type": "tag",
                      "x-attribsNamespace": Object {
                        "class": undefined,
                        "fill": undefined,
                        "height": undefined,
                        "viewBox": undefined,
                        "width": undefined,
                        "xmlns": "http://www.w3.org/2000/xmlns/",
                      },
                      "x-attribsPrefix": Object {
                        "class": undefined,
                        "fill": undefined,
                        "height": undefined,
                        "viewBox": undefined,
                        "width": undefined,
                        "xmlns": "",
                      },
                    },
                  ],
                  "name": "span",
                  "namespace": "http://www.w3.org/1999/xhtml",
                  "next": null,
                  "parent": [Circular],
                  "prev": null,
                  "type": "tag",
                  "x-attribsNamespace": Object {
                    "class": undefined,
                  },
                  "x-attribsPrefix": Object {
                    "class": undefined,
                  },
                },
              ],
              "name": "div",
              "namespace": "http://www.w3.org/1999/xhtml",
              "next": null,
              "parent": [Circular],
              "prev": [Circular],
              "type": "tag",
              "x-attribsNamespace": Object {
                "class": undefined,
              },
              "x-attribsPrefix": Object {
                "class": undefined,
              },
            },
            "parent": [Circular],
            "prev": null,
            "type": "tag",
            "x-attribsNamespace": Object {
              "class": undefined,
              "placeholder": undefined,
              "type": undefined,
              "value": undefined,
            },
            "x-attribsPrefix": Object {
              "class": undefined,
              "placeholder": undefined,
              "type": undefined,
              "value": undefined,
            },
          },
          Object {
            "attribs": Object {
              "class": "gio-input-container-suffix",
            },
            "children": Array [
              Object {
                "attribs": Object {
                  "class": "gio-icon gio-searchbar-suffix-search-large",
                },
                "children": Array [
                  Object {
                    "attribs": Object {
                      "class": "gio-icon-svg",
                      "fill": "currentColor",
                      "height": "1rem",
                      "viewBox": "0 0 14.01 14",
                      "width": "1rem",
                      "xmlns": "http://www.w3.org/2000/svg",
                    },
                    "children": Array [
                      Object {
                        "attribs": Object {},
                        "children": Array [
                          Object {
                            "attribs": Object {},
                            "children": Array [],
                            "name": "style",
                            "namespace": "http://www.w3.org/2000/svg",
                            "next": null,
                            "parent": [Circular],
                            "prev": null,
                            "type": "style",
                            "x-attribsNamespace": Object {},
                            "x-attribsPrefix": Object {},
                          },
                        ],
                        "name": "defs",
                        "namespace": "http://www.w3.org/2000/svg",
                        "next": Object {
                          "attribs": Object {
                            "data-name": "\\\\u56FE\\\\u5C42 2",
                            "id": "search-outlined_svg__\\\\u56FE\\\\u5C42_2",
                          },
                          "children": Array [
                            Object {
                              "attribs": Object {
                                "data-name": "\\\\u56FE\\\\u5C42 1",
                                "id": "search-outlined_svg__\\\\u56FE\\\\u5C42_1-2",
                              },
                              "children": Array [
                                Object {
                                  "attribs": Object {
                                    "d": "M6 1a5 5 0 11-5 5 5 5 0 015-5zm4.48 10.19a1 1 0 00-1.28-.13A5.83 5.83 0 016 12a6 6 0 115.07-2.79 1 1 0 00.13 1.26c.93 1 2.65 2.68 2.65 2.68a.49.49 0 01-.7.7z",
                                    "fill": "currentColor",
                                    "fill-rule": "evenodd",
                                    "id": "search-outlined_svg__search",
                                  },
                                  "children": Array [],
                                  "name": "path",
                                  "namespace": "http://www.w3.org/2000/svg",
                                  "next": null,
                                  "parent": [Circular],
                                  "prev": null,
                                  "type": "tag",
                                  "x-attribsNamespace": Object {
                                    "d": undefined,
                                    "fill": undefined,
                                    "fill-rule": undefined,
                                    "id": undefined,
                                  },
                                  "x-attribsPrefix": Object {
                                    "d": undefined,
                                    "fill": undefined,
                                    "fill-rule": undefined,
                                    "id": undefined,
                                  },
                                },
                              ],
                              "name": "g",
                              "namespace": "http://www.w3.org/2000/svg",
                              "next": null,
                              "parent": [Circular],
                              "prev": null,
                              "type": "tag",
                              "x-attribsNamespace": Object {
                                "data-name": undefined,
                                "id": undefined,
                              },
                              "x-attribsPrefix": Object {
                                "data-name": undefined,
                                "id": undefined,
                              },
                            },
                          ],
                          "name": "g",
                          "namespace": "http://www.w3.org/2000/svg",
                          "next": null,
                          "parent": [Circular],
                          "prev": [Circular],
                          "type": "tag",
                          "x-attribsNamespace": Object {
                            "data-name": undefined,
                            "id": undefined,
                          },
                          "x-attribsPrefix": Object {
                            "data-name": undefined,
                            "id": undefined,
                          },
                        },
                        "parent": [Circular],
                        "prev": null,
                        "type": "tag",
                        "x-attribsNamespace": Object {},
                        "x-attribsPrefix": Object {},
                      },
                      Object {
                        "attribs": Object {
                          "data-name": "\\\\u56FE\\\\u5C42 2",
                          "id": "search-outlined_svg__\\\\u56FE\\\\u5C42_2",
                        },
                        "children": Array [
                          Object {
                            "attribs": Object {
                              "data-name": "\\\\u56FE\\\\u5C42 1",
                              "id": "search-outlined_svg__\\\\u56FE\\\\u5C42_1-2",
                            },
                            "children": Array [
                              Object {
                                "attribs": Object {
                                  "d": "M6 1a5 5 0 11-5 5 5 5 0 015-5zm4.48 10.19a1 1 0 00-1.28-.13A5.83 5.83 0 016 12a6 6 0 115.07-2.79 1 1 0 00.13 1.26c.93 1 2.65 2.68 2.65 2.68a.49.49 0 01-.7.7z",
                                  "fill": "currentColor",
                                  "fill-rule": "evenodd",
                                  "id": "search-outlined_svg__search",
                                },
                                "children": Array [],
                                "name": "path",
                                "namespace": "http://www.w3.org/2000/svg",
                                "next": null,
                                "parent": [Circular],
                                "prev": null,
                                "type": "tag",
                                "x-attribsNamespace": Object {
                                  "d": undefined,
                                  "fill": undefined,
                                  "fill-rule": undefined,
                                  "id": undefined,
                                },
                                "x-attribsPrefix": Object {
                                  "d": undefined,
                                  "fill": undefined,
                                  "fill-rule": undefined,
                                  "id": undefined,
                                },
                              },
                            ],
                            "name": "g",
                            "namespace": "http://www.w3.org/2000/svg",
                            "next": null,
                            "parent": [Circular],
                            "prev": null,
                            "type": "tag",
                            "x-attribsNamespace": Object {
                              "data-name": undefined,
                              "id": undefined,
                            },
                            "x-attribsPrefix": Object {
                              "data-name": undefined,
                              "id": undefined,
                            },
                          },
                        ],
                        "name": "g",
                        "namespace": "http://www.w3.org/2000/svg",
                        "next": null,
                        "parent": [Circular],
                        "prev": Object {
                          "attribs": Object {},
                          "children": Array [
                            Object {
                              "attribs": Object {},
                              "children": Array [],
                              "name": "style",
                              "namespace": "http://www.w3.org/2000/svg",
                              "next": null,
                              "parent": [Circular],
                              "prev": null,
                              "type": "style",
                              "x-attribsNamespace": Object {},
                              "x-attribsPrefix": Object {},
                            },
                          ],
                          "name": "defs",
                          "namespace": "http://www.w3.org/2000/svg",
                          "next": [Circular],
                          "parent": [Circular],
                          "prev": null,
                          "type": "tag",
                          "x-attribsNamespace": Object {},
                          "x-attribsPrefix": Object {},
                        },
                        "type": "tag",
                        "x-attribsNamespace": Object {
                          "data-name": undefined,
                          "id": undefined,
                        },
                        "x-attribsPrefix": Object {
                          "data-name": undefined,
                          "id": undefined,
                        },
                      },
                    ],
                    "name": "svg",
                    "namespace": "http://www.w3.org/2000/svg",
                    "next": null,
                    "parent": [Circular],
                    "prev": null,
                    "type": "tag",
                    "x-attribsNamespace": Object {
                      "class": undefined,
                      "fill": undefined,
                      "height": undefined,
                      "viewBox": undefined,
                      "width": undefined,
                      "xmlns": "http://www.w3.org/2000/xmlns/",
                    },
                    "x-attribsPrefix": Object {
                      "class": undefined,
                      "fill": undefined,
                      "height": undefined,
                      "viewBox": undefined,
                      "width": undefined,
                      "xmlns": "",
                    },
                  },
                ],
                "name": "span",
                "namespace": "http://www.w3.org/1999/xhtml",
                "next": null,
                "parent": [Circular],
                "prev": null,
                "type": "tag",
                "x-attribsNamespace": Object {
                  "class": undefined,
                },
                "x-attribsPrefix": Object {
                  "class": undefined,
                },
              },
            ],
            "name": "div",
            "namespace": "http://www.w3.org/1999/xhtml",
            "next": null,
            "parent": [Circular],
            "prev": Object {
              "attribs": Object {
                "class": "gio-input-content gio-input-content-large gio-input-content-suffix",
                "placeholder": "",
                "type": "text",
                "value": "",
              },
              "children": Array [],
              "name": "input",
              "namespace": "http://www.w3.org/1999/xhtml",
              "next": [Circular],
              "parent": [Circular],
              "prev": null,
              "type": "tag",
              "x-attribsNamespace": Object {
                "class": undefined,
                "placeholder": undefined,
                "type": undefined,
                "value": undefined,
              },
              "x-attribsPrefix": Object {
                "class": undefined,
                "placeholder": undefined,
                "type": undefined,
                "value": undefined,
              },
            },
            "type": "tag",
            "x-attribsNamespace": Object {
              "class": undefined,
            },
            "x-attribsPrefix": Object {
              "class": undefined,
            },
          },
        ],
        "name": "div",
        "namespace": "http://www.w3.org/1999/xhtml",
        "next": null,
        "parent": [Circular],
        "prev": null,
        "type": "tag",
        "x-attribsNamespace": Object {
          "class": undefined,
        },
        "x-attribsPrefix": Object {
          "class": undefined,
        },
      },
    ],
    "name": "div",
    "namespace": "http://www.w3.org/1999/xhtml",
    "next": null,
    "parent": null,
    "prev": null,
    "root": Object {
      "attribs": Object {},
      "children": Array [
        [Circular],
      ],
      "name": "root",
      "namespace": "http://www.w3.org/1999/xhtml",
      "next": null,
      "parent": null,
      "prev": null,
      "type": "root",
      "x-attribsNamespace": Object {},
      "x-attribsPrefix": Object {},
    },
    "type": "tag",
    "x-attribsNamespace": Object {
      "class": undefined,
    },
    "x-attribsPrefix": Object {
      "class": undefined,
    },
  },
  "_root": [Circular],
  "length": 1,
  "options": Object {
    "decodeEntities": true,
    "normalizeWhitespace": false,
    "withDomLvl1": true,
    "xml": false,
  },
}
`;
