// Jest Snapshot v1, https://goo.gl/fbAQLP

exports[`Testing AvatarGroup should be stable 1`] = `
<div
  className="gio-avatar-group"
>
  <span
    className="gio-avatar gio-avatar-df"
    onMouseEnter={[Function]}
    onMouseLeave={[Function]}
  >
    <img
      alt="avatar"
      onError={[Function]}
      src="test-file-stub"
    />
  </span>
  <span
    className="gio-avatar gio-avatar-df"
    onMouseEnter={[Function]}
    onMouseLeave={[Function]}
  >
    <span
      style={
        Object {
          "transform": "scale(1)",
        }
      }
    >
      p
    </span>
  </span>
  <span
    className="gio-avatar gio-avatar-df"
    onMouseEnter={[Function]}
    onMouseLeave={[Function]}
  >
    <img
      alt="avatar"
      onError={[Function]}
      src="test-file-stub"
    />
  </span>
  <span
    className="gio-avatar gio-avatar-df"
    onMouseEnter={[Function]}
    onMouseLeave={[Function]}
  >
    <span
      style={
        Object {
          "transform": "scale(1)",
        }
      }
    >
      l
    </span>
  </span>
  <span
    className="gio-avatar-rest gio-avatar gio-avatar-df"
  >
    <span
      style={
        Object {
          "transform": "scale(1)",
        }
      }
    >
      +2
    </span>
  </span>
</div>
`;
