// Jest Snapshot v1, https://goo.gl/fbAQLP

exports[`Testing Avatar should be stable 1`] = `
<span
  className="gio-avatar gio-avatar-df"
>
  <span
    style={
      Object {
        "transform": "scale(1)",
      }
    }
  >
    å¿«
  </span>
</span>
`;
