// Jest Snapshot v1, https://goo.gl/fbAQLP

exports[`Testing Upload mount match snapshot should match snapshot 1`] = `
<div
  className="gio-customized-upload gio-upload gio-upload--disabled"
>
  <span
    className="gio-upload gio-upload-disabled"
    role="button"
  >
    <input
      directory={null}
      multiple={false}
      onChange={[Function]}
      onClick={[Function]}
      style={
        Object {
          "display": "none",
        }
      }
      type="file"
      webkitdirectory={null}
    />
    <button
      className="gio-btn gio-upload__btn gio-btn-large"
      disabled={true}
      onClick={[Function]}
      type="button"
    >
      <span
        className="gio-icon"
      >
        <svg
          className="gio-icon-svg"
          clipRule="evenodd"
          fill="currentColor"
          fillRule="evenodd"
          height="1rem"
          strokeLinejoin="round"
          strokeMiterlimit={1.414}
          style={
            Object {
              "color": undefined,
            }
          }
          viewBox="0 0 14 14"
          width="1rem"
          xmlns="http://www.w3.org/2000/svg"
        >
          <path
            d="M14 12.897a1 1 0 01-1 1H1a1 1 0 01-1-1v-2.5a.5.5 0 111 0v2c0 .133.053.26.146.354a.504.504 0 00.354.146h11c.133 0 .26-.053.354-.146a.504.504 0 00.146-.354v-2c0-.133.053-.26.146-.354a.504.504 0 01.708 0 .5.5 0 01.146.354v2.5zM7.5 9.933a.5.5 0 01-1 0v-7.64a.199.199 0 00-.341-.141l-.927.927a.499.499 0 01-.707 0l-.001-.001a.498.498 0 010-.705L6.646.25a.5.5 0 01.708 0l2.121 2.12a.499.499 0 01-.707.708l-.927-.926a.199.199 0 00-.341.14v7.64z"
            fill="currentColor"
          />
        </svg>
      </span>
      <span
        className="gio-upload__btn-label"
        title="本地上传"
      >
        本地上传
      </span>
    </button>
  </span>
</div>
`;

exports[`Testing Upload mount match snapshot should match snapshot 2`] = `
<div
  className="gio-customized-upload gio-upload gio-upload--disabled"
>
  <span
    className="gio-upload gio-upload-disabled"
    role="button"
  >
    <input
      directory={null}
      multiple={false}
      onChange={[Function]}
      onClick={[Function]}
      style={
        Object {
          "display": "none",
        }
      }
      type="file"
      webkitdirectory={null}
    />
    <button
      className="gio-btn gio-upload__btn gio-btn-large"
      disabled={true}
      onClick={[Function]}
      type="button"
    >
      <span
        className="gio-icon"
      >
        <svg
          className="gio-icon-svg"
          clipRule="evenodd"
          fill="currentColor"
          fillRule="evenodd"
          height="1rem"
          strokeLinejoin="round"
          strokeMiterlimit={1.414}
          style={
            Object {
              "color": undefined,
            }
          }
          viewBox="0 0 14 14"
          width="1rem"
          xmlns="http://www.w3.org/2000/svg"
        >
          <path
            d="M14 12.897a1 1 0 01-1 1H1a1 1 0 01-1-1v-2.5a.5.5 0 111 0v2c0 .133.053.26.146.354a.504.504 0 00.354.146h11c.133 0 .26-.053.354-.146a.504.504 0 00.146-.354v-2c0-.133.053-.26.146-.354a.504.504 0 01.708 0 .5.5 0 01.146.354v2.5zM7.5 9.933a.5.5 0 01-1 0v-7.64a.199.199 0 00-.341-.141l-.927.927a.499.499 0 01-.707 0l-.001-.001a.498.498 0 010-.705L6.646.25a.5.5 0 01.708 0l2.121 2.12a.499.499 0 01-.707.708l-.927-.926a.199.199 0 00-.341.14v7.64z"
            fill="currentColor"
          />
        </svg>
      </span>
      <span
        className="gio-upload__btn-label"
        title="本地上传"
      >
        本地上传
      </span>
    </button>
  </span>
</div>
`;

exports[`Testing Upload mount match snapshot should match snapshot 3`] = `
<div
  className="gio-customized-upload gio-upload gio-upload--disabled"
>
  <span
    className="gio-upload gio-upload-disabled"
    role="button"
  >
    <input
      directory={null}
      multiple={false}
      onChange={[Function]}
      onClick={[Function]}
      style={
        Object {
          "display": "none",
        }
      }
      type="file"
      webkitdirectory={null}
    />
    <button
      className="gio-btn gio-upload__btn gio-btn-large"
      disabled={true}
      onClick={[Function]}
      type="button"
    >
      <span
        className="gio-icon"
      >
        <svg
          className="gio-icon-svg"
          clipRule="evenodd"
          fill="currentColor"
          fillRule="evenodd"
          height="1rem"
          strokeLinejoin="round"
          strokeMiterlimit={1.414}
          style={
            Object {
              "color": undefined,
            }
          }
          viewBox="0 0 14 14"
          width="1rem"
          xmlns="http://www.w3.org/2000/svg"
        >
          <path
            d="M14 12.897a1 1 0 01-1 1H1a1 1 0 01-1-1v-2.5a.5.5 0 111 0v2c0 .133.053.26.146.354a.504.504 0 00.354.146h11c.133 0 .26-.053.354-.146a.504.504 0 00.146-.354v-2c0-.133.053-.26.146-.354a.504.504 0 01.708 0 .5.5 0 01.146.354v2.5zM7.5 9.933a.5.5 0 01-1 0v-7.64a.199.199 0 00-.341-.141l-.927.927a.499.499 0 01-.707 0l-.001-.001a.498.498 0 010-.705L6.646.25a.5.5 0 01.708 0l2.121 2.12a.499.499 0 01-.707.708l-.927-.926a.199.199 0 00-.341.14v7.64z"
            fill="currentColor"
          />
        </svg>
      </span>
      <span
        className="gio-upload__btn-label"
        title="本地上传"
      >
        本地上传
      </span>
    </button>
  </span>
</div>
`;

exports[`Testing Upload mount match snapshot should match snapshot 4`] = `
<div
  className="gio-customized-upload gio-upload gio-upload--disabled"
>
  <span
    className="gio-upload gio-upload-disabled"
    role="button"
  >
    <input
      directory={null}
      multiple={false}
      onChange={[Function]}
      onClick={[Function]}
      style={
        Object {
          "display": "none",
        }
      }
      type="file"
      webkitdirectory={null}
    />
    <button
      className="gio-btn gio-upload__btn gio-btn-large"
      disabled={true}
      onClick={[Function]}
      type="button"
    >
      <span
        className="gio-icon"
      >
        <svg
          className="gio-icon-svg"
          clipRule="evenodd"
          fill="currentColor"
          fillRule="evenodd"
          height="1rem"
          strokeLinejoin="round"
          strokeMiterlimit={1.414}
          style={
            Object {
              "color": undefined,
            }
          }
          viewBox="0 0 14 14"
          width="1rem"
          xmlns="http://www.w3.org/2000/svg"
        >
          <path
            d="M14 12.897a1 1 0 01-1 1H1a1 1 0 01-1-1v-2.5a.5.5 0 111 0v2c0 .133.053.26.146.354a.504.504 0 00.354.146h11c.133 0 .26-.053.354-.146a.504.504 0 00.146-.354v-2c0-.133.053-.26.146-.354a.504.504 0 01.708 0 .5.5 0 01.146.354v2.5zM7.5 9.933a.5.5 0 01-1 0v-7.64a.199.199 0 00-.341-.141l-.927.927a.499.499 0 01-.707 0l-.001-.001a.498.498 0 010-.705L6.646.25a.5.5 0 01.708 0l2.121 2.12a.499.499 0 01-.707.708l-.927-.926a.199.199 0 00-.341.14v7.64z"
            fill="currentColor"
          />
        </svg>
      </span>
      <span
        className="gio-upload__btn-label"
        title="本地上传"
      >
        本地上传
      </span>
    </button>
  </span>
</div>
`;

exports[`Testing Upload mount match snapshot should match snapshot 5`] = `
<div
  className="gio-customized-upload gio-upload gio-upload--disabled"
>
  <span
    className="gio-upload gio-upload-disabled"
    role="button"
  >
    <input
      directory={null}
      multiple={false}
      onChange={[Function]}
      onClick={[Function]}
      style={
        Object {
          "display": "none",
        }
      }
      type="file"
      webkitdirectory={null}
    />
    <button
      className="gio-btn gio-upload__btn gio-btn-large"
      disabled={true}
      onClick={[Function]}
      type="button"
    >
      <span
        className="gio-icon"
      >
        <svg
          className="gio-icon-svg"
          clipRule="evenodd"
          fill="currentColor"
          fillRule="evenodd"
          height="1rem"
          strokeLinejoin="round"
          strokeMiterlimit={1.414}
          style={
            Object {
              "color": undefined,
            }
          }
          viewBox="0 0 14 14"
          width="1rem"
          xmlns="http://www.w3.org/2000/svg"
        >
          <path
            d="M14 12.897a1 1 0 01-1 1H1a1 1 0 01-1-1v-2.5a.5.5 0 111 0v2c0 .133.053.26.146.354a.504.504 0 00.354.146h11c.133 0 .26-.053.354-.146a.504.504 0 00.146-.354v-2c0-.133.053-.26.146-.354a.504.504 0 01.708 0 .5.5 0 01.146.354v2.5zM7.5 9.933a.5.5 0 01-1 0v-7.64a.199.199 0 00-.341-.141l-.927.927a.499.499 0 01-.707 0l-.001-.001a.498.498 0 010-.705L6.646.25a.5.5 0 01.708 0l2.121 2.12a.499.499 0 01-.707.708l-.927-.926a.199.199 0 00-.341.14v7.64z"
            fill="currentColor"
          />
        </svg>
      </span>
      <span
        className="gio-upload__btn-label"
        title="本地上传"
      >
        本地上传
      </span>
    </button>
  </span>
</div>
`;
