// Jest Snapshot v1, https://goo.gl/fbAQLP

exports[`<Tag /> renders <Tag /> components 1`] = `
<span
  className="gio-tag"
/>
`;
