// Jest Snapshot v1, https://goo.gl/fbAQLP

exports[`Testing Banner should be stable 1`] = `
<div
  className="gio-banner gio-banner-normal gio-banner-closeable"
>
  <div
    className="gio-banner-content"
  />
  <div
    className="gio-banner-button"
  />
  <div
    aria-hidden="true"
    className="gio-banner-closeIcon"
    onClick={[Function]}
    style={
      Object {
        "display": "block",
      }
    }
  >
    <span
      className="gio-icon"
    >
      <svg
        className="gio-icon-svg"
        fill="currentColor"
        height="1rem"
        style={
          Object {
            "color": undefined,
          }
        }
        viewBox="0 0 14 14"
        width="1rem"
        xmlns="http://www.w3.org/2000/svg"
      >
        <defs>
          <style />
        </defs>
        <g
          data-name="\\\\u56FE\\\\u5C42 2"
          id="close_svg__\\\\u56FE\\\\u5C42_2"
        >
          <g
            data-name="\\\\u56FE\\\\u5C42 1"
            id="close_svg__\\\\u56FE\\\\u5C42_1-2"
          >
            <path
              d="M6.62 5.92a.54.54 0 00.76 0l3.87-3.87a.49.49 0 01.7.7L8.08 6.62a.54.54 0 000 .76L12 11.25a.49.49 0 01-.7.7L7.38 8.08a.54.54 0 00-.76 0L2.75 12a.49.49 0 01-.7-.7l3.87-3.92a.54.54 0 000-.76L2.05 2.75a.49.49 0 01.7-.7z"
              fill="currentColor"
              fillRule="evenodd"
              id="close_svg__close"
            />
          </g>
        </g>
      </svg>
    </span>
  </div>
</div>
`;
