// Jest Snapshot v1, https://goo.gl/fbAQLP

exports[`Testing AvatarGroup should be stable 1`] = `
<div
  className="gio-avatar-group"
>
  <span
    className="gio-avatar gio-avatar-df"
    name="li"
    onMouseEnter={[Function]}
    onMouseLeave={[Function]}
    style={
      Object {
        "backgroundColor": undefined,
      }
    }
  >
    <img
      alt="avatar"
      onError={[Function]}
      src="test-file-stub"
    />
  </span>
  <span
    className="gio-avatar gio-avatar-df"
    name="pan"
    onMouseEnter={[Function]}
    onMouseLeave={[Function]}
    style={
      Object {
        "backgroundColor": undefined,
      }
    }
  >
    <span
      className="gio-avatar-string"
      style={
        Object {
          "transform": "scale(1) translateX(-50%)",
        }
      }
    >
      P
    </span>
  </span>
  <span
    className="gio-avatar gio-avatar-df"
    name="leng"
    onMouseEnter={[Function]}
    onMouseLeave={[Function]}
    style={
      Object {
        "backgroundColor": undefined,
      }
    }
  >
    <img
      alt="avatar"
      onError={[Function]}
      src="test-file-stub"
    />
  </span>
  <span
    className="gio-avatar gio-avatar-df"
    name="liu"
    onMouseEnter={[Function]}
    onMouseLeave={[Function]}
    style={
      Object {
        "backgroundColor": undefined,
      }
    }
  >
    <span
      className="gio-avatar-string"
      style={
        Object {
          "transform": "scale(1) translateX(-50%)",
        }
      }
    >
      L
    </span>
  </span>
  <span
    className="gio-avatar-rest gio-avatar gio-avatar-df"
    style={
      Object {
        "backgroundColor": undefined,
      }
    }
  >
    <span
      className="gio-avatar-string"
      style={
        Object {
          "transform": "scale(1) translateX(-50%)",
        }
      }
    >
      +2
    </span>
  </span>
</div>
`;
