// Jest Snapshot v1, https://goo.gl/fbAQLP

exports[`Checkbox render 1`] = `
<label
  className="custom gio-checkbox-wrapper gio-checkbox-wrapper-disabled"
  style={
    Object {
      "color": "red",
    }
  }
>
  <span
    className="gio-icon gio-checkbox-icon gio-checkbox-icon-indeterminate gio-checkbox-icon-disabled gio-checkbox-icon-checked"
  >
    <svg
      className="gio-icon-svg"
      fill="currentColor"
      height="1rem"
      style={
        Object {
          "color": undefined,
        }
      }
      viewBox="0 0 14 14"
      width="1rem"
      xmlns="http://www.w3.org/2000/svg"
    >
      <defs>
        <style />
      </defs>
      <g
        data-name="\\\\u56FE\\\\u5C42 2"
        id="check-outlined_svg__\\\\u56FE\\\\u5C42_2"
      >
        <g
          data-name="\\\\u56FE\\\\u5C42 1"
          id="check-outlined_svg__\\\\u56FE\\\\u5C42_1-2"
        >
          <path
            d="M5.76 10.9l-.35.35a.5.5 0 01-.71 0l-.37-.37L.81 7.36a.51.51 0 010-.7.49.49 0 01.36-.15.47.47 0 01.35.15L4.89 10a.19.19 0 00.28 0l7.28-7.27a.48.48 0 01.36-.15.51.51 0 01.37.15.53.53 0 01.15.36.56.56 0 01-.15.37z"
            fill="currentColor"
            fillRule="evenodd"
            id="check-outlined_svg__check"
          />
        </g>
      </g>
    </svg>
  </span>
  <span
    className="gio-checkbox gio-checkbox-indeterminate gio-checkbox-checked gio-checkbox-disabled"
    style={Object {}}
  >
    <input
      checked={true}
      className="gio-checkbox-input"
      disabled={true}
      onBlur={[Function]}
      onChange={[Function]}
      onFocus={[Function]}
      type="checkbox"
    />
    <span
      className="gio-checkbox-inner"
    />
  </span>
</label>
`;
