// Jest Snapshot v1, https://goo.gl/fbAQLP

exports[`Testing Combobox props test 1`] = `false`;
