// Jest Snapshot v1, https://goo.gl/fbAQLP

exports[`Testing Radio should render correctly 1`] = `
<label
  className="gio-customized-radio gio-radio__wrapper gio-radio__wrapper--disabled"
>
  <span
    className="gio-radio gio-radio-checked gio-radio-disabled"
    style={Object {}}
  >
    <input
      checked={true}
      className="gio-radio-input"
      disabled={true}
      onBlur={[Function]}
      onChange={[Function]}
      onFocus={[Function]}
      type="radio"
    />
    <span
      className="gio-radio-inner"
    />
  </span>
  <span>
    Test
  </span>
</label>
`;
