// Jest Snapshot v1, https://goo.gl/fbAQLP

exports[`Testing Toggles should render correctly 1`] = `
<div>
  <div
    className="gio-toggles gio-toggles-checked gio-toggles-disabled gio-customized-Toggles"
    onClick={[Function]}
    style={
      Object {
        "background": undefined,
        "borderColor": undefined,
      }
    }
  >
    <div
      className="gio-toggles-handle"
      style={
        Object {
          "background": undefined,
        }
      }
    />
  </div>
</div>
`;
