// Jest Snapshot v1, https://goo.gl/fbAQLP

exports[`Testing Skeleton should be stable 1`] = `
initialize {
  "0": Object {
    "attribs": Object {
      "class": "gio-skeleton gio-skeleton-active",
    },
    "children": Array [
      Object {
        "attribs": Object {
          "class": "gio-skeleton-header",
        },
        "children": Array [
          Object {
            "attribs": Object {
              "class": "gio-skeleton-avatar gio-avatar gio-avatar-lg",
            },
            "children": Array [
              Object {
                "attribs": Object {
                  "class": "gio-avatar-default",
                },
                "children": Array [
                  Object {
                    "attribs": Object {
                      "class": "gio-icon",
                    },
                    "children": Array [
                      Object {
                        "attribs": Object {
                          "class": "gio-icon-svg",
                          "fill": "currentColor",
                          "height": "24",
                          "style": "color:#fff",
                          "viewBox": "0 0 14 14",
                          "width": "24",
                          "xmlns": "http://www.w3.org/2000/svg",
                        },
                        "children": Array [
                          Object {
                            "attribs": Object {
                              "clip-rule": "evenodd",
                              "d": "M13 13.6s0-.1 0 0C12.8 10.4 10.2 8 7 8s-5.8 2.4-6 5.5c0 .3-.2.5-.5.5s-.5-.2-.5-.5c.2-2.6 1.8-4.8 4.1-5.8l.3-.3c0-.2 0-.3-.1-.4C3.5 6.1 3 5.1 3 4c0-2.2 1.8-4 4-4s4 1.8 4 4c0 1.1-.5 2.1-1.2 2.9-.1.1-.2.2-.2.4s.1.3.3.3c2.3 1 3.9 3.2 4.1 5.8v.1c0 .3-.2.5-.5.5s-.5-.2-.5-.4zM7 1c1.7 0 3 1.3 3 3S8.7 7 7 7 4 5.7 4 4s1.3-3 3-3z",
                              "fill": "currentColor",
                              "fill-rule": "evenodd",
                            },
                            "children": Array [],
                            "name": "path",
                            "namespace": "http://www.w3.org/2000/svg",
                            "next": null,
                            "parent": [Circular],
                            "prev": null,
                            "type": "tag",
                            "x-attribsNamespace": Object {
                              "clip-rule": undefined,
                              "d": undefined,
                              "fill": undefined,
                              "fill-rule": undefined,
                            },
                            "x-attribsPrefix": Object {
                              "clip-rule": undefined,
                              "d": undefined,
                              "fill": undefined,
                              "fill-rule": undefined,
                            },
                          },
                        ],
                        "name": "svg",
                        "namespace": "http://www.w3.org/2000/svg",
                        "next": null,
                        "parent": [Circular],
                        "prev": null,
                        "type": "tag",
                        "x-attribsNamespace": Object {
                          "class": undefined,
                          "fill": undefined,
                          "height": undefined,
                          "style": undefined,
                          "viewBox": undefined,
                          "width": undefined,
                          "xmlns": "http://www.w3.org/2000/xmlns/",
                        },
                        "x-attribsPrefix": Object {
                          "class": undefined,
                          "fill": undefined,
                          "height": undefined,
                          "style": undefined,
                          "viewBox": undefined,
                          "width": undefined,
                          "xmlns": "",
                        },
                      },
                    ],
                    "name": "span",
                    "namespace": "http://www.w3.org/1999/xhtml",
                    "next": null,
                    "parent": [Circular],
                    "prev": null,
                    "type": "tag",
                    "x-attribsNamespace": Object {
                      "class": undefined,
                    },
                    "x-attribsPrefix": Object {
                      "class": undefined,
                    },
                  },
                ],
                "name": "span",
                "namespace": "http://www.w3.org/1999/xhtml",
                "next": null,
                "parent": [Circular],
                "prev": null,
                "type": "tag",
                "x-attribsNamespace": Object {
                  "class": undefined,
                },
                "x-attribsPrefix": Object {
                  "class": undefined,
                },
              },
            ],
            "name": "span",
            "namespace": "http://www.w3.org/1999/xhtml",
            "next": null,
            "parent": [Circular],
            "prev": null,
            "type": "tag",
            "x-attribsNamespace": Object {
              "class": undefined,
            },
            "x-attribsPrefix": Object {
              "class": undefined,
            },
          },
        ],
        "name": "div",
        "namespace": "http://www.w3.org/1999/xhtml",
        "next": Object {
          "attribs": Object {
            "class": "gio-skeleton-content",
          },
          "children": Array [
            Object {
              "attribs": Object {
                "class": "gio-skeleton-title",
              },
              "children": Array [],
              "name": "div",
              "namespace": "http://www.w3.org/1999/xhtml",
              "next": Object {
                "attribs": Object {
                  "class": "gio-skeleton-paragraph",
                },
                "children": Array [
                  Object {
                    "attribs": Object {},
                    "children": Array [],
                    "name": "p",
                    "namespace": "http://www.w3.org/1999/xhtml",
                    "next": Object {
                      "attribs": Object {},
                      "children": Array [],
                      "name": "p",
                      "namespace": "http://www.w3.org/1999/xhtml",
                      "next": Object {
                        "attribs": Object {},
                        "children": Array [],
                        "name": "p",
                        "namespace": "http://www.w3.org/1999/xhtml",
                        "next": null,
                        "parent": [Circular],
                        "prev": [Circular],
                        "type": "tag",
                        "x-attribsNamespace": Object {},
                        "x-attribsPrefix": Object {},
                      },
                      "parent": [Circular],
                      "prev": [Circular],
                      "type": "tag",
                      "x-attribsNamespace": Object {},
                      "x-attribsPrefix": Object {},
                    },
                    "parent": [Circular],
                    "prev": null,
                    "type": "tag",
                    "x-attribsNamespace": Object {},
                    "x-attribsPrefix": Object {},
                  },
                  Object {
                    "attribs": Object {},
                    "children": Array [],
                    "name": "p",
                    "namespace": "http://www.w3.org/1999/xhtml",
                    "next": Object {
                      "attribs": Object {},
                      "children": Array [],
                      "name": "p",
                      "namespace": "http://www.w3.org/1999/xhtml",
                      "next": null,
                      "parent": [Circular],
                      "prev": [Circular],
                      "type": "tag",
                      "x-attribsNamespace": Object {},
                      "x-attribsPrefix": Object {},
                    },
                    "parent": [Circular],
                    "prev": Object {
                      "attribs": Object {},
                      "children": Array [],
                      "name": "p",
                      "namespace": "http://www.w3.org/1999/xhtml",
                      "next": [Circular],
                      "parent": [Circular],
                      "prev": null,
                      "type": "tag",
                      "x-attribsNamespace": Object {},
                      "x-attribsPrefix": Object {},
                    },
                    "type": "tag",
                    "x-attribsNamespace": Object {},
                    "x-attribsPrefix": Object {},
                  },
                  Object {
                    "attribs": Object {},
                    "children": Array [],
                    "name": "p",
                    "namespace": "http://www.w3.org/1999/xhtml",
                    "next": null,
                    "parent": [Circular],
                    "prev": Object {
                      "attribs": Object {},
                      "children": Array [],
                      "name": "p",
                      "namespace": "http://www.w3.org/1999/xhtml",
                      "next": [Circular],
                      "parent": [Circular],
                      "prev": Object {
                        "attribs": Object {},
                        "children": Array [],
                        "name": "p",
                        "namespace": "http://www.w3.org/1999/xhtml",
                        "next": [Circular],
                        "parent": [Circular],
                        "prev": null,
                        "type": "tag",
                        "x-attribsNamespace": Object {},
                        "x-attribsPrefix": Object {},
                      },
                      "type": "tag",
                      "x-attribsNamespace": Object {},
                      "x-attribsPrefix": Object {},
                    },
                    "type": "tag",
                    "x-attribsNamespace": Object {},
                    "x-attribsPrefix": Object {},
                  },
                ],
                "name": "div",
                "namespace": "http://www.w3.org/1999/xhtml",
                "next": null,
                "parent": [Circular],
                "prev": [Circular],
                "type": "tag",
                "x-attribsNamespace": Object {
                  "class": undefined,
                },
                "x-attribsPrefix": Object {
                  "class": undefined,
                },
              },
              "parent": [Circular],
              "prev": null,
              "type": "tag",
              "x-attribsNamespace": Object {
                "class": undefined,
              },
              "x-attribsPrefix": Object {
                "class": undefined,
              },
            },
            Object {
              "attribs": Object {
                "class": "gio-skeleton-paragraph",
              },
              "children": Array [
                Object {
                  "attribs": Object {},
                  "children": Array [],
                  "name": "p",
                  "namespace": "http://www.w3.org/1999/xhtml",
                  "next": Object {
                    "attribs": Object {},
                    "children": Array [],
                    "name": "p",
                    "namespace": "http://www.w3.org/1999/xhtml",
                    "next": Object {
                      "attribs": Object {},
                      "children": Array [],
                      "name": "p",
                      "namespace": "http://www.w3.org/1999/xhtml",
                      "next": null,
                      "parent": [Circular],
                      "prev": [Circular],
                      "type": "tag",
                      "x-attribsNamespace": Object {},
                      "x-attribsPrefix": Object {},
                    },
                    "parent": [Circular],
                    "prev": [Circular],
                    "type": "tag",
                    "x-attribsNamespace": Object {},
                    "x-attribsPrefix": Object {},
                  },
                  "parent": [Circular],
                  "prev": null,
                  "type": "tag",
                  "x-attribsNamespace": Object {},
                  "x-attribsPrefix": Object {},
                },
                Object {
                  "attribs": Object {},
                  "children": Array [],
                  "name": "p",
                  "namespace": "http://www.w3.org/1999/xhtml",
                  "next": Object {
                    "attribs": Object {},
                    "children": Array [],
                    "name": "p",
                    "namespace": "http://www.w3.org/1999/xhtml",
                    "next": null,
                    "parent": [Circular],
                    "prev": [Circular],
                    "type": "tag",
                    "x-attribsNamespace": Object {},
                    "x-attribsPrefix": Object {},
                  },
                  "parent": [Circular],
                  "prev": Object {
                    "attribs": Object {},
                    "children": Array [],
                    "name": "p",
                    "namespace": "http://www.w3.org/1999/xhtml",
                    "next": [Circular],
                    "parent": [Circular],
                    "prev": null,
                    "type": "tag",
                    "x-attribsNamespace": Object {},
                    "x-attribsPrefix": Object {},
                  },
                  "type": "tag",
                  "x-attribsNamespace": Object {},
                  "x-attribsPrefix": Object {},
                },
                Object {
                  "attribs": Object {},
                  "children": Array [],
                  "name": "p",
                  "namespace": "http://www.w3.org/1999/xhtml",
                  "next": null,
                  "parent": [Circular],
                  "prev": Object {
                    "attribs": Object {},
                    "children": Array [],
                    "name": "p",
                    "namespace": "http://www.w3.org/1999/xhtml",
                    "next": [Circular],
                    "parent": [Circular],
                    "prev": Object {
                      "attribs": Object {},
                      "children": Array [],
                      "name": "p",
                      "namespace": "http://www.w3.org/1999/xhtml",
                      "next": [Circular],
                      "parent": [Circular],
                      "prev": null,
                      "type": "tag",
                      "x-attribsNamespace": Object {},
                      "x-attribsPrefix": Object {},
                    },
                    "type": "tag",
                    "x-attribsNamespace": Object {},
                    "x-attribsPrefix": Object {},
                  },
                  "type": "tag",
                  "x-attribsNamespace": Object {},
                  "x-attribsPrefix": Object {},
                },
              ],
              "name": "div",
              "namespace": "http://www.w3.org/1999/xhtml",
              "next": null,
              "parent": [Circular],
              "prev": Object {
                "attribs": Object {
                  "class": "gio-skeleton-title",
                },
                "children": Array [],
                "name": "div",
                "namespace": "http://www.w3.org/1999/xhtml",
                "next": [Circular],
                "parent": [Circular],
                "prev": null,
                "type": "tag",
                "x-attribsNamespace": Object {
                  "class": undefined,
                },
                "x-attribsPrefix": Object {
                  "class": undefined,
                },
              },
              "type": "tag",
              "x-attribsNamespace": Object {
                "class": undefined,
              },
              "x-attribsPrefix": Object {
                "class": undefined,
              },
            },
          ],
          "name": "div",
          "namespace": "http://www.w3.org/1999/xhtml",
          "next": null,
          "parent": [Circular],
          "prev": [Circular],
          "type": "tag",
          "x-attribsNamespace": Object {
            "class": undefined,
          },
          "x-attribsPrefix": Object {
            "class": undefined,
          },
        },
        "parent": [Circular],
        "prev": null,
        "type": "tag",
        "x-attribsNamespace": Object {
          "class": undefined,
        },
        "x-attribsPrefix": Object {
          "class": undefined,
        },
      },
      Object {
        "attribs": Object {
          "class": "gio-skeleton-content",
        },
        "children": Array [
          Object {
            "attribs": Object {
              "class": "gio-skeleton-title",
            },
            "children": Array [],
            "name": "div",
            "namespace": "http://www.w3.org/1999/xhtml",
            "next": Object {
              "attribs": Object {
                "class": "gio-skeleton-paragraph",
              },
              "children": Array [
                Object {
                  "attribs": Object {},
                  "children": Array [],
                  "name": "p",
                  "namespace": "http://www.w3.org/1999/xhtml",
                  "next": Object {
                    "attribs": Object {},
                    "children": Array [],
                    "name": "p",
                    "namespace": "http://www.w3.org/1999/xhtml",
                    "next": Object {
                      "attribs": Object {},
                      "children": Array [],
                      "name": "p",
                      "namespace": "http://www.w3.org/1999/xhtml",
                      "next": null,
                      "parent": [Circular],
                      "prev": [Circular],
                      "type": "tag",
                      "x-attribsNamespace": Object {},
                      "x-attribsPrefix": Object {},
                    },
                    "parent": [Circular],
                    "prev": [Circular],
                    "type": "tag",
                    "x-attribsNamespace": Object {},
                    "x-attribsPrefix": Object {},
                  },
                  "parent": [Circular],
                  "prev": null,
                  "type": "tag",
                  "x-attribsNamespace": Object {},
                  "x-attribsPrefix": Object {},
                },
                Object {
                  "attribs": Object {},
                  "children": Array [],
                  "name": "p",
                  "namespace": "http://www.w3.org/1999/xhtml",
                  "next": Object {
                    "attribs": Object {},
                    "children": Array [],
                    "name": "p",
                    "namespace": "http://www.w3.org/1999/xhtml",
                    "next": null,
                    "parent": [Circular],
                    "prev": [Circular],
                    "type": "tag",
                    "x-attribsNamespace": Object {},
                    "x-attribsPrefix": Object {},
                  },
                  "parent": [Circular],
                  "prev": Object {
                    "attribs": Object {},
                    "children": Array [],
                    "name": "p",
                    "namespace": "http://www.w3.org/1999/xhtml",
                    "next": [Circular],
                    "parent": [Circular],
                    "prev": null,
                    "type": "tag",
                    "x-attribsNamespace": Object {},
                    "x-attribsPrefix": Object {},
                  },
                  "type": "tag",
                  "x-attribsNamespace": Object {},
                  "x-attribsPrefix": Object {},
                },
                Object {
                  "attribs": Object {},
                  "children": Array [],
                  "name": "p",
                  "namespace": "http://www.w3.org/1999/xhtml",
                  "next": null,
                  "parent": [Circular],
                  "prev": Object {
                    "attribs": Object {},
                    "children": Array [],
                    "name": "p",
                    "namespace": "http://www.w3.org/1999/xhtml",
                    "next": [Circular],
                    "parent": [Circular],
                    "prev": Object {
                      "attribs": Object {},
                      "children": Array [],
                      "name": "p",
                      "namespace": "http://www.w3.org/1999/xhtml",
                      "next": [Circular],
                      "parent": [Circular],
                      "prev": null,
                      "type": "tag",
                      "x-attribsNamespace": Object {},
                      "x-attribsPrefix": Object {},
                    },
                    "type": "tag",
                    "x-attribsNamespace": Object {},
                    "x-attribsPrefix": Object {},
                  },
                  "type": "tag",
                  "x-attribsNamespace": Object {},
                  "x-attribsPrefix": Object {},
                },
              ],
              "name": "div",
              "namespace": "http://www.w3.org/1999/xhtml",
              "next": null,
              "parent": [Circular],
              "prev": [Circular],
              "type": "tag",
              "x-attribsNamespace": Object {
                "class": undefined,
              },
              "x-attribsPrefix": Object {
                "class": undefined,
              },
            },
            "parent": [Circular],
            "prev": null,
            "type": "tag",
            "x-attribsNamespace": Object {
              "class": undefined,
            },
            "x-attribsPrefix": Object {
              "class": undefined,
            },
          },
          Object {
            "attribs": Object {
              "class": "gio-skeleton-paragraph",
            },
            "children": Array [
              Object {
                "attribs": Object {},
                "children": Array [],
                "name": "p",
                "namespace": "http://www.w3.org/1999/xhtml",
                "next": Object {
                  "attribs": Object {},
                  "children": Array [],
                  "name": "p",
                  "namespace": "http://www.w3.org/1999/xhtml",
                  "next": Object {
                    "attribs": Object {},
                    "children": Array [],
                    "name": "p",
                    "namespace": "http://www.w3.org/1999/xhtml",
                    "next": null,
                    "parent": [Circular],
                    "prev": [Circular],
                    "type": "tag",
                    "x-attribsNamespace": Object {},
                    "x-attribsPrefix": Object {},
                  },
                  "parent": [Circular],
                  "prev": [Circular],
                  "type": "tag",
                  "x-attribsNamespace": Object {},
                  "x-attribsPrefix": Object {},
                },
                "parent": [Circular],
                "prev": null,
                "type": "tag",
                "x-attribsNamespace": Object {},
                "x-attribsPrefix": Object {},
              },
              Object {
                "attribs": Object {},
                "children": Array [],
                "name": "p",
                "namespace": "http://www.w3.org/1999/xhtml",
                "next": Object {
                  "attribs": Object {},
                  "children": Array [],
                  "name": "p",
                  "namespace": "http://www.w3.org/1999/xhtml",
                  "next": null,
                  "parent": [Circular],
                  "prev": [Circular],
                  "type": "tag",
                  "x-attribsNamespace": Object {},
                  "x-attribsPrefix": Object {},
                },
                "parent": [Circular],
                "prev": Object {
                  "attribs": Object {},
                  "children": Array [],
                  "name": "p",
                  "namespace": "http://www.w3.org/1999/xhtml",
                  "next": [Circular],
                  "parent": [Circular],
                  "prev": null,
                  "type": "tag",
                  "x-attribsNamespace": Object {},
                  "x-attribsPrefix": Object {},
                },
                "type": "tag",
                "x-attribsNamespace": Object {},
                "x-attribsPrefix": Object {},
              },
              Object {
                "attribs": Object {},
                "children": Array [],
                "name": "p",
                "namespace": "http://www.w3.org/1999/xhtml",
                "next": null,
                "parent": [Circular],
                "prev": Object {
                  "attribs": Object {},
                  "children": Array [],
                  "name": "p",
                  "namespace": "http://www.w3.org/1999/xhtml",
                  "next": [Circular],
                  "parent": [Circular],
                  "prev": Object {
                    "attribs": Object {},
                    "children": Array [],
                    "name": "p",
                    "namespace": "http://www.w3.org/1999/xhtml",
                    "next": [Circular],
                    "parent": [Circular],
                    "prev": null,
                    "type": "tag",
                    "x-attribsNamespace": Object {},
                    "x-attribsPrefix": Object {},
                  },
                  "type": "tag",
                  "x-attribsNamespace": Object {},
                  "x-attribsPrefix": Object {},
                },
                "type": "tag",
                "x-attribsNamespace": Object {},
                "x-attribsPrefix": Object {},
              },
            ],
            "name": "div",
            "namespace": "http://www.w3.org/1999/xhtml",
            "next": null,
            "parent": [Circular],
            "prev": Object {
              "attribs": Object {
                "class": "gio-skeleton-title",
              },
              "children": Array [],
              "name": "div",
              "namespace": "http://www.w3.org/1999/xhtml",
              "next": [Circular],
              "parent": [Circular],
              "prev": null,
              "type": "tag",
              "x-attribsNamespace": Object {
                "class": undefined,
              },
              "x-attribsPrefix": Object {
                "class": undefined,
              },
            },
            "type": "tag",
            "x-attribsNamespace": Object {
              "class": undefined,
            },
            "x-attribsPrefix": Object {
              "class": undefined,
            },
          },
        ],
        "name": "div",
        "namespace": "http://www.w3.org/1999/xhtml",
        "next": null,
        "parent": [Circular],
        "prev": Object {
          "attribs": Object {
            "class": "gio-skeleton-header",
          },
          "children": Array [
            Object {
              "attribs": Object {
                "class": "gio-skeleton-avatar gio-avatar gio-avatar-lg",
              },
              "children": Array [
                Object {
                  "attribs": Object {
                    "class": "gio-avatar-default",
                  },
                  "children": Array [
                    Object {
                      "attribs": Object {
                        "class": "gio-icon",
                      },
                      "children": Array [
                        Object {
                          "attribs": Object {
                            "class": "gio-icon-svg",
                            "fill": "currentColor",
                            "height": "24",
                            "style": "color:#fff",
                            "viewBox": "0 0 14 14",
                            "width": "24",
                            "xmlns": "http://www.w3.org/2000/svg",
                          },
                          "children": Array [
                            Object {
                              "attribs": Object {
                                "clip-rule": "evenodd",
                                "d": "M13 13.6s0-.1 0 0C12.8 10.4 10.2 8 7 8s-5.8 2.4-6 5.5c0 .3-.2.5-.5.5s-.5-.2-.5-.5c.2-2.6 1.8-4.8 4.1-5.8l.3-.3c0-.2 0-.3-.1-.4C3.5 6.1 3 5.1 3 4c0-2.2 1.8-4 4-4s4 1.8 4 4c0 1.1-.5 2.1-1.2 2.9-.1.1-.2.2-.2.4s.1.3.3.3c2.3 1 3.9 3.2 4.1 5.8v.1c0 .3-.2.5-.5.5s-.5-.2-.5-.4zM7 1c1.7 0 3 1.3 3 3S8.7 7 7 7 4 5.7 4 4s1.3-3 3-3z",
                                "fill": "currentColor",
                                "fill-rule": "evenodd",
                              },
                              "children": Array [],
                              "name": "path",
                              "namespace": "http://www.w3.org/2000/svg",
                              "next": null,
                              "parent": [Circular],
                              "prev": null,
                              "type": "tag",
                              "x-attribsNamespace": Object {
                                "clip-rule": undefined,
                                "d": undefined,
                                "fill": undefined,
                                "fill-rule": undefined,
                              },
                              "x-attribsPrefix": Object {
                                "clip-rule": undefined,
                                "d": undefined,
                                "fill": undefined,
                                "fill-rule": undefined,
                              },
                            },
                          ],
                          "name": "svg",
                          "namespace": "http://www.w3.org/2000/svg",
                          "next": null,
                          "parent": [Circular],
                          "prev": null,
                          "type": "tag",
                          "x-attribsNamespace": Object {
                            "class": undefined,
                            "fill": undefined,
                            "height": undefined,
                            "style": undefined,
                            "viewBox": undefined,
                            "width": undefined,
                            "xmlns": "http://www.w3.org/2000/xmlns/",
                          },
                          "x-attribsPrefix": Object {
                            "class": undefined,
                            "fill": undefined,
                            "height": undefined,
                            "style": undefined,
                            "viewBox": undefined,
                            "width": undefined,
                            "xmlns": "",
                          },
                        },
                      ],
                      "name": "span",
                      "namespace": "http://www.w3.org/1999/xhtml",
                      "next": null,
                      "parent": [Circular],
                      "prev": null,
                      "type": "tag",
                      "x-attribsNamespace": Object {
                        "class": undefined,
                      },
                      "x-attribsPrefix": Object {
                        "class": undefined,
                      },
                    },
                  ],
                  "name": "span",
                  "namespace": "http://www.w3.org/1999/xhtml",
                  "next": null,
                  "parent": [Circular],
                  "prev": null,
                  "type": "tag",
                  "x-attribsNamespace": Object {
                    "class": undefined,
                  },
                  "x-attribsPrefix": Object {
                    "class": undefined,
                  },
                },
              ],
              "name": "span",
              "namespace": "http://www.w3.org/1999/xhtml",
              "next": null,
              "parent": [Circular],
              "prev": null,
              "type": "tag",
              "x-attribsNamespace": Object {
                "class": undefined,
              },
              "x-attribsPrefix": Object {
                "class": undefined,
              },
            },
          ],
          "name": "div",
          "namespace": "http://www.w3.org/1999/xhtml",
          "next": [Circular],
          "parent": [Circular],
          "prev": null,
          "type": "tag",
          "x-attribsNamespace": Object {
            "class": undefined,
          },
          "x-attribsPrefix": Object {
            "class": undefined,
          },
        },
        "type": "tag",
        "x-attribsNamespace": Object {
          "class": undefined,
        },
        "x-attribsPrefix": Object {
          "class": undefined,
        },
      },
    ],
    "name": "div",
    "namespace": "http://www.w3.org/1999/xhtml",
    "next": null,
    "parent": null,
    "prev": null,
    "root": Object {
      "attribs": Object {},
      "children": Array [
        [Circular],
      ],
      "name": "root",
      "namespace": "http://www.w3.org/1999/xhtml",
      "next": null,
      "parent": null,
      "prev": null,
      "type": "root",
      "x-attribsNamespace": Object {},
      "x-attribsPrefix": Object {},
    },
    "type": "tag",
    "x-attribsNamespace": Object {
      "class": undefined,
    },
    "x-attribsPrefix": Object {
      "class": undefined,
    },
  },
  "_root": [Circular],
  "length": 1,
  "options": Object {
    "decodeEntities": true,
    "normalizeWhitespace": false,
    "withDomLvl1": true,
    "xml": false,
  },
}
`;
